=== V2-FULL mar.  1 sept. 2026 15:54:24 CEST ===
ep1: val_acc=0.807 | Conforme R@P95=0.676 (argmax P=0.746 R=0.969)
ep2: val_acc=0.828 | Conforme R@P95=0.659 (argmax P=0.847 R=0.901)
ep3: val_acc=0.843 | Conforme R@P95=0.720 (argmax P=0.941 R=0.760)
ep4: val_acc=0.866 | Conforme R@P95=0.802 (argmax P=0.852 R=0.937)
ep5: val_acc=0.887 | Conforme R@P95=0.843 (argmax P=0.852 R=0.957)
ep6: val_acc=0.883 | Conforme R@P95=0.826 (argmax P=0.897 R=0.902)
ep7: val_acc=0.893 | Conforme R@P95=0.867 (argmax P=0.908 R=0.929)
ep8: val_acc=0.871 | Conforme R@P95=0.807 (argmax P=0.919 R=0.869)
ep9: val_acc=0.854 | Conforme R@P95=0.740 (argmax P=0.856 R=0.890)
ep10: val_acc=0.875 | Conforme R@P95=0.852 (argmax P=0.871 R=0.933)
ep11: val_acc=0.879 | Conforme R@P95=0.856 (argmax P=0.925 R=0.901)
ep12: val_acc=0.865 | Conforme R@P95=0.835 (argmax P=0.948 R=0.831)
ep13: val_acc=0.878 | Conforme R@P95=0.842 (argmax P=0.950 R=0.838)
ep14: val_acc=0.840 | Conforme R@P95=0.836 (argmax P=0.970 R=0.797)
ep15: val_acc=0.893 | Conforme R@P95=0.842 (argmax P=0.933 R=0.876)
ep16: val_acc=0.884 | Conforme R@P95=0.807 (argmax P=0.905 R=0.881)
ep17: val_acc=0.895 | Conforme R@P95=0.853 (argmax P=0.904 R=0.917)
ep18: val_acc=0.903 | Conforme R@P95=0.849 (argmax P=0.899 R=0.931)
ep19: val_acc=0.895 | Conforme R@P95=0.842 (argmax P=0.943 R=0.869)
ep20: val_acc=0.901 | Conforme R@P95=0.863 (argmax P=0.902 R=0.929)
ep21: val_acc=0.893 | Conforme R@P95=0.841 (argmax P=0.934 R=0.876)
ep22: val_acc=0.898 | Conforme R@P95=0.842 (argmax P=0.919 R=0.900)
ep23: val_acc=0.896 | Conforme R@P95=0.842 (argmax P=0.920 R=0.897)
ep24: val_acc=0.891 | Conforme R@P95=0.839 (argmax P=0.921 R=0.882)
ep25: val_acc=0.898 | Conforme R@P95=0.851 (argmax P=0.923 R=0.897)
ep26: val_acc=0.894 | Conforme R@P95=0.850 (argmax P=0.934 R=0.878)
ep27: val_acc=0.893 | Conforme R@P95=0.848 (argmax P=0.938 R=0.869)
ep28: val_acc=0.899 | Conforme R@P95=0.852 (argmax P=0.928 R=0.892)
ep29: val_acc=0.896 | Conforme R@P95=0.848 (argmax P=0.931 R=0.882)
ep30: val_acc=0.894 | Conforme R@P95=0.850 (argmax P=0.934 R=0.877)

Matrice de confusion (val) — lignes=vrai, colonnes=prédit :
        Confor  NON Co  PIETRA    Vide
Conforme    935       8     120       3
NON Conf     21     466      50       4
  PIETRA     42      40     553       4
    Vide      3       3       4     606

Meilleur rappel Conforme @P95 (val) : 0.867  (modèle sauvé best_dualbranch.pt)
=== DONE mar.  1 sept. 2026 17:27:50 CEST ===
